idea2: finished r000da54ft (54 rows so far)
idea2: finished r001d260dt (108 rows so far)
idea2: finished r002fc3e2t (162 rows so far)
idea2: finished r00444b95t (216 rows so far)
idea2: finished r005f3e70t (270 rows so far)
idea2: finished r00617aa1t (324 rows so far)
idea2: finished r00679daet (378 rows so far)
idea2: finished r006b0e4bt (432 rows so far)
idea2: finished r006fcc20t (486 rows so far)
idea2: finished r007f5116t (540 rows so far)
Idea 2: 540 rows -> /Users/suzy/Desktop/Repository/Telecom/IM06/projet/ird-main/4IM06-G3-Project22/data/pilot_results/idea2_results.csv
Wrote /Users/suzy/Desktop/Repository/Telecom/IM06/projet/ird-main/4IM06-G3-Project22/data/pilot_results/PILOT_SUMMARY.md
- **k 分组未验证：** k=−1/0/1 的平均 prominence 分别为 0.9199 / 0.9196 / 0.9197 （跨 k 差异 0.0001），**不能**据此选择相关模式。
- **参考尺寸公式（次要）：** `target_minus_ref_plus_k` 平均 prominence (0.9411) 高于 `ref_plus_k` (0.8985)，差别约 4.7%，属弱效应。
- **检测过敏感：** 思路 2 整体显著率约 70%，需负样本与阈值校准。

### 建议的下一阶段主方向

**优先深化思路 1（JPEG / 周期混淆 + 基线有效性），暂缓大规模 CNN 数据集。**

依据：本批 RAISE 上 **无法** 用峰值距离区分「仅缩放」与「缩放到 384 的重采样」；思路 2 的 k 与形状指标 **未** 提供可操作的判别力。在 NFA 对真实重采样仍不敏感之前，构建大量标注样本训练 CNN 的边际收益有限。

具体建议：
1. 在 `detect_one_image.py` / `src/ird.py` 上系统对比 **`--is_jpeg` 开/关**，量化 n/8、n/16 抑制能否降低 `jpeg_q90_sim_x8` 类假阳性；
2. 补充 **强受控合成图**（已知周期，如 512→384），确认实现无误后再评 RAISE；
3. 调查 RAISE 大图裁方→384 后周期被淹没的原因（内容频谱、TV 残差、patch 尺寸）；
4. 若继续 reference-size 实验，可优先试 `target_minus_ref_plus_k`，**不要** 期待 k∈{−1,0,1} 单独解决问题。


>>> /opt/anaconda3/bin/python -m pilots.idea2_k_groups

>>> /opt/anaconda3/bin/python -m pilots.compare

Done. See data/pilot_results/PILOT_SUMMARY.md
